   Compiling proc-macro2 v1.0.106
   Compiling unicode-ident v1.0.24
   Compiling quote v1.0.46
   Compiling crossbeam-utils v0.8.21
   Compiling serde_core v1.0.228
   Compiling zmij v1.0.21
   Compiling serde_json v1.0.150
   Compiling zerocopy v0.8.52
   Compiling rayon-core v1.13.0
   Compiling libm v0.2.16
   Compiling itoa v1.0.18
   Compiling memchr v2.8.2
   Compiling autocfg v1.5.1
   Compiling either v1.16.0
   Compiling cfg-if v1.0.4
   Compiling serde v1.0.228
   Compiling memmap2 v0.9.11
   Compiling matrixmultiply v0.3.10
   Compiling once_cell v1.21.4
   Compiling crossbeam-epoch v0.9.18
   Compiling crossbeam-channel v0.5.15
   Compiling syn v2.0.118
   Compiling rawpointer v0.2.1
   Compiling num_cpus v1.17.0
   Compiling crossbeam-deque v0.8.6
   Compiling ascii v1.1.0
   Compiling thread-tree v0.3.3
   Compiling chunked_transfer v1.5.0
   Compiling httpdate v1.0.3
   Compiling rayon v1.12.0
   Compiling log v0.4.33
   Compiling tiny_http v0.12.0
   Compiling zerocopy-derive v0.8.52
   Compiling bytemuck_derive v1.10.2
   Compiling serde_derive v1.0.228
   Compiling bytemuck v1.25.0
   Compiling safetensors v0.4.5
   Compiling half v2.7.1
   Compiling esmfold1 v0.1.0 (/home/lingxusb_gmail_com/github2/esmfold1)
   Compiling esmfold2-fp32 v0.1.0 (/home/lingxusb_gmail_com/github2/esmfold2)
warning: struct `ZipFileInfo` is never constructed
  --> esmfold1/src/pth.rs:29:8
   |
29 | struct ZipFileInfo {
   |        ^^^^^^^^^^^
   |
   = note: `#[warn(dead_code)]` (part of `#[warn(unused)]`) on by default

warning: field `0` is never read
   --> esmfold1/src/pth.rs:114:10
    |
114 |     Bool(bool),
    |     ---- ^^^^
    |     |
    |     field in this variant
    |
    = note: `V` has a derived impl for the trait `Clone`, but this is intentionally ignored during dead code analysis
help: consider changing the field to be of unit type to suppress this warning while preserving the field numbering, or remove the field
    |
114 -     Bool(bool),
114 +     Bool(()),
    |

warning: constant `C_S` is never used
  --> esmfold1/src/structure.rs:12:7
   |
12 | const C_S: usize = 384;
   |       ^^^

warning: `esmfold1` (lib) generated 3 warnings
   Compiling fold-gui-merged v0.1.0 (/home/lingxusb_gmail_com/github2/gui)
warning: unused import: `std::io::Read`
  --> gui/src/main.rs:10:5
   |
10 | use std::io::Read;
   |     ^^^^^^^^^^^^^
   |
   = note: `#[warn(unused_imports)]` (part of `#[warn(unused)]`) on by default

warning: `fold-gui-merged` (bin "fold_gui") generated 1 warning
    Finished `release` profile [optimized] target(s) in 1m 17s
EXIT=0
